Microchip MPLAB XC8 Compiler V2.00 ()

Linker command line:

-W-3 --edf=C:\Program Files (x86)\Microchip\xc8\v2.00\pic\dat\en_msgs.txt \
  -cs -h+dist/default/production\Lab3.X.production.sym \
  --cmf=dist/default/production\Lab3.X.production.cmf -z -Q16F887 \
  -oC:\Users\JIRS0129\AppData\Local\Temp\sbhs.2 --defsym=__MPLAB_BUILD=1 \
  -Mdist/default/production/Lab3.X.production.map -E1 -ver=XC8 --acfsm=1493 \
  -ASTACK=0110h-016fh -pstack=STACK -ACODE=00h-07FFhx4 -ASTRCODE=00h-01FFFh \
  -ASTRING=00h-0FFhx32 -ACONST=00h-0FFhx32 -AENTRY=00h-0FFhx32 \
  -ACOMMON=070h-07Fh -ABANK0=020h-06Fh -ABANK1=0A0h-0EFh \
  -ABANK2=0110h-016Fh -ABANK3=0190h-01EFh \
  -ARAM=020h-06Fh,0A0h-0EFh,0110h-016Fh,0190h-01EFh \
  -AABS1=020h-07Fh,0A0h-0EFh,0110h-016Fh,0190h-01EFh -ASFR0=00h-01Fh \
  -ASFR1=080h-09Fh -ASFR2=0100h-010Fh -ASFR3=0180h-018Fh \
  -preset_vec=00h,intentry=04h,init,end_init -ppowerup=CODE -pcinit=CODE \
  -pfunctab=ENTRY -ACONFIG=02007h-02008h -pconfig=CONFIG -DCONFIG=2 \
  -AIDLOC=02000h-02003h -pidloc=IDLOC -DIDLOC=2 -AEEDATA=00h-0FFh/02100h \
  -peeprom_data=EEDATA -DEEDATA=2 -DCODE=2 -DSTRCODE=2 -DSTRING=2 -DCONST=2 \
  -DENTRY=2 -k C:\Users\JIRS0129\AppData\Local\Temp\sbhs.o \
  dist/default/production\Lab3.X.production.o 

Object code version is 3.11

Machine type is 16F887



                Name                               Link     Load   Length Selector   Space Scale
C:\Users\JIRS0129\AppData\Local\Temp\sbhs.o
                end_init                              C        C        3        8       0
                reset_vec                             0        0        3        0       0
                config                             2007     2007        2     400E       0
dist/default/production\Lab3.X.production.o
                cinit                                 F        F       15        8       0
                intentry                              4        4        8        8       0
                text26                             15CD     15CD       1F     2B9A       0
                text25                              A76      A76      2BC     14EC       0
                text24                              D32      D32      2CE     1A64       0
                text23                             15EC     15EC       2C     2BD8       0
                text22                               24       24      375        8       0
                text21                             156D     156D        F     2ADA       0
                text20                              828      828       9C     1050       0
                text19                              8C4      8C4       C4     1188       0
                text18                             159B     159B       14     2B36       0
                text17                             154A     154A        7     2A94       0
                text16                             1618     1618       37     2C30       0
                text15                              988      988       EE     1310       0
                text14                              7C5      7C5       3A        8       0
                text13                             1787     1787       79     2F0E       0
                text12                             1545     1545        5     2A8A       0
                text11                             1551     1551        E     2AA2       0
                text10                             155F     155F        E     2ABE       0
                text9                              158B     158B       10     2B16       0
                text8                               809      809       1F     1012       0
                text7                              16DA     16DA       4D     2DB4       0
                text6                              164F     164F       43     2C9E       0
                text5                               6C3      6C3      102        8       0
                text4                              157C     157C        F     2AF8       0
                text3                              1692     1692       48     2D24       0
                text2                              15AF     15AF       1E     2B5E       0
                text1                              1727     1727       60     2E4E       0
                maintext                            399      399      32A        8       0
                cstackBANK0                          20       20       4D       20       1
                cstackCOMMON                         70       70        8       70       1
                cstackBANK1                          B7       B7       11       A0       1
                clrtext                             801      801        8     1002       0
                bssBANK1                             A0       A0       17       A0       1
                bssBANK0                             6D       6D        3       20       1
                bssCOMMON                            78       78        3       70       1
                strings                            1000     1000       2A     2000       0

TOTAL           Name                               Link     Load   Length     Space
        CLASS   STACK          

        CLASS   CODE           
                end_init                              C        C        3         0
                cinit                                 F        F       15         0
                intentry                              4        4        8         0
                reset_vec                             0        0        3         0
                text26                             15CD     15CD       1F         0
                text25                              A76      A76      2BC         0
                text24                              D32      D32      2CE         0
                text23                             15EC     15EC       2C         0
                text22                               24       24      375         0
                text21                             156D     156D        F         0
                text20                              828      828       9C         0
                text19                              8C4      8C4       C4         0
                text18                             159B     159B       14         0
                text17                             154A     154A        7         0
                text16                             1618     1618       37         0
                text15                              988      988       EE         0
                text14                              7C5      7C5       3A         0
                text13                             1787     1787       79         0
                text12                             1545     1545        5         0
                text11                             1551     1551        E         0
                text10                             155F     155F        E         0
                text9                              158B     158B       10         0
                text8                               809      809       1F         0
                text7                              16DA     16DA       4D         0
                text6                              164F     164F       43         0
                text5                               6C3      6C3      102         0
                text4                              157C     157C        F         0
                text3                              1692     1692       48         0
                text2                              15AF     15AF       1E         0
                text1                              1727     1727       60         0
                maintext                            399      399      32A         0
                clrtext                             801      801        8         0

        CLASS   STRCODE        

        CLASS   STRING         
                strings                            1000     1000       2A         0

        CLASS   CONST          

        CLASS   ENTRY          

        CLASS   COMMON         
                cstackCOMMON                         70       70        8         1
                bssCOMMON                            78       78        3         1

        CLASS   BANK0          
                cstackBANK0                          20       20       4D         1
                bssBANK0                             6D       6D        3         1

        CLASS   BANK1          
                cstackBANK1                          B7       B7       11         1
                bssBANK1                             A0       A0       17         1

        CLASS   BANK2          

        CLASS   BANK3          

        CLASS   RAM            

        CLASS   ABS1           
                abs_s1                               7E       7E        2         1

        CLASS   SFR0           

        CLASS   SFR1           

        CLASS   SFR2           

        CLASS   SFR3           

        CLASS   CONFIG         
                config                             2007     2007        2         0

        CLASS   IDLOC          

        CLASS   EEDATA         



SEGMENTS        Name                           Load    Length   Top    Selector   Space  Class     Delta

                reset_vec                      000000  000003  000003         0       0  CODE        2
                intentry                       000004  0007FB  0007FF         8       0  CODE        2
                cstackBANK0                    000020  000050  000070        20       1  BANK0       1
                cstackCOMMON                   000070  00000B  00007B        70       1  COMMON      1
                bssBANK1                       0000A0  000028  0000C8        A0       1  BANK1       1
                clrtext                        000801  000008  000809      1002       0  CODE        2
                text8                          000809  00001F  000828      1012       0  CODE        2
                text20                         000828  00009C  0008C4      1050       0  CODE        2
                text19                         0008C4  0000C4  000988      1188       0  CODE        2
                text15                         000988  0000EE  000A76      1310       0  CODE        2
                text25                         000A76  0002BC  000D32      14EC       0  CODE        2
                text24                         000D32  0002CE  001000      1A64       0  CODE        2
                strings                        001000  00002A  00102A      2000       0  STRING      2
                text12                         001545  000005  00154A      2A8A       0  CODE        2
                text17                         00154A  000007  001551      2A94       0  CODE        2
                text11                         001551  00000E  00155F      2AA2       0  CODE        2
                text10                         00155F  00000E  00156D      2ABE       0  CODE        2
                text21                         00156D  00000F  00157C      2ADA       0  CODE        2
                text4                          00157C  00000F  00158B      2AF8       0  CODE        2
                text9                          00158B  000010  00159B      2B16       0  CODE        2
                text18                         00159B  000014  0015AF      2B36       0  CODE        2
                text2                          0015AF  00001E  0015CD      2B5E       0  CODE        2
                text26                         0015CD  00001F  0015EC      2B9A       0  CODE        2
                text23                         0015EC  00002C  001618      2BD8       0  CODE        2
                text16                         001618  000037  00164F      2C30       0  CODE        2
                text6                          00164F  000043  001692      2C9E       0  CODE        2
                text3                          001692  000048  0016DA      2D24       0  CODE        2
                text7                          0016DA  00004D  001727      2DB4       0  CODE        2
                text1                          001727  000060  001787      2E4E       0  CODE        2
                text13                         001787  000079  001800      2F0E       0  CODE        2
                config                         002007  000002  002009      400E       0  CONFIG      2


UNUSED ADDRESS RANGES

        Name                Unused          Largest block    Delta
        BANK1            00C8-00EF             28           1
        BANK2            0110-016F             60           1
        BANK3            0190-01EF             60           1
        CODE             0003-0003              1           2
                         07FF-0800              1
                         102A-1544            51B
                         1800-1FFF            800
        COMMON           007B-007D              3           1
        CONST            0003-0003              1           2
                         07FF-0800              1
                         102A-1544            100
                         1800-1FFF            100
        EEDATA           2100-21FF            100           2
        ENTRY            0003-0003              1           2
                         07FF-0800              1
                         102A-1544            100
                         1800-1FFF            100
        IDLOC            2000-2003              4           2
        RAM              00C8-00EF             28           1
                         0110-016F             60
                         0190-01EF             60
        SFR0             0000-001F             20           1
        SFR1             0080-009F             20           1
        SFR2             0100-010F             10           1
        SFR3             0180-018F             10           1
        STACK            0110-016F             60           1
        STRCODE          0003-0003              1           2
                         07FF-0800              2
                         102A-1544            51B
                         1800-1FFF            800
        STRING           0003-0003              1           2
                         07FF-0800              1
                         102A-1544            100
                         1800-1FFF            100

                                  Symbol Table

?__Umul8_16               cstackCOMMON 0073
?___fladd                 cstackBANK0  002E
?___fldiv                 cstackBANK0  0060
?___flmul                 cstackBANK0  0046
?___flneg                 cstackBANK0  002A
?___fltol                 cstackCOMMON 0073
?___lwdiv                 cstackCOMMON 0073
?___lwmod                 cstackBANK0  0023
?___xxtofl                cstackCOMMON 0073
?_sprintf                 cstackBANK0  0029
_ADCON0bits               (abs)        001F
_ADCON1bits               (abs)        009F
_ADRESH                   (abs)        001E
_ANSELHbits               (abs)        0189
_ANSELbits                (abs)        0188
_BAUDCTLbits              (abs)        0187
_INTCONbits               (abs)        000B
_ISR                      text26       15CD
_PIE1bits                 (abs)        008C
_PIR1bits                 (abs)        000C
_PORTA                    (abs)        0005
_PORTB                    (abs)        0006
_PORTC                    (abs)        0007
_PORTD                    (abs)        0008
_PORTE                    (abs)        0009
_RCREG                    (abs)        001A
_RCSTAbits                (abs)        0018
_RD0                      (abs)        0040
_RD1                      (abs)        0041
_SPBRG                    (abs)        0099
_SPBRGH                   (abs)        009A
_TRISA                    (abs)        0085
_TRISAbits                (abs)        0085
_TRISB                    (abs)        0086
_TRISBbits                (abs)        0086
_TRISC                    (abs)        0087
_TRISCbits                (abs)        0087
_TRISD                    (abs)        0088
_TRISE                    (abs)        0089
_TRISEbits                (abs)        0089
_TXREG                    (abs)        0019
_TXSTAbits                (abs)        0098
__CFG_BOR4V$BOR40V        (abs)        0000
__CFG_BOREN$OFF           (abs)        0000
__CFG_CP$OFF              (abs)        0000
__CFG_CPD$OFF             (abs)        0000
__CFG_FCMEN$OFF           (abs)        0000
__CFG_FOSC$INTRC_NOCLKOUT (abs)        0000
__CFG_IESO$OFF            (abs)        0000
__CFG_LVP$OFF             (abs)        0000
__CFG_MCLRE$OFF           (abs)        0000
__CFG_PWRTE$OFF           (abs)        0000
__CFG_WDTE$OFF            (abs)        0000
__CFG_WRT$OFF             (abs)        0000
__Habs1                   abs1         0000
__Hbank0                  bank0        0000
__Hbank1                  bank1        0000
__Hbank2                  bank2        0000
__Hbank3                  bank3        0000
__HbssBANK0               bssBANK0     0000
__HbssBANK1               bssBANK1     0000
__HbssCOMMON              bssCOMMON    0000
__Hcinit                  cinit        0024
__Hclrtext                clrtext      0000
__Hcode                   code         0000
__Hcommon                 common       0000
__Hconfig                 config       2009
__HcstackBANK0            cstackBANK0  0000
__HcstackBANK1            cstackBANK1  0000
__HcstackCOMMON           cstackCOMMON 0000
__Heeprom_data            eeprom_data  0000
__Hend_init               end_init     000F
__Hfunctab                functab      0000
__Hidloc                  idloc        0000
__Hinit                   init         000C
__Hintentry               intentry     000C
__Hmaintext               maintext     0000
__Hpowerup                powerup      0000
__Hram                    ram          0000
__Hreset_vec              reset_vec    0003
__Hsfr0                   sfr0         0000
__Hsfr1                   sfr1         0000
__Hsfr2                   sfr2         0000
__Hsfr3                   sfr3         0000
__Hspace_0                (abs)        2009
__Hspace_1                (abs)        00C8
__Hspace_2                (abs)        0000
__Hspace_3                (abs)        0000
__Hstack                  stack        0000
__Hstrings                strings      0000
__Htext                   text         0000
__Labs1                   abs1         0000
__Lbank0                  bank0        0000
__Lbank1                  bank1        0000
__Lbank2                  bank2        0000
__Lbank3                  bank3        0000
__LbssBANK0               bssBANK0     0000
__LbssBANK1               bssBANK1     0000
__LbssCOMMON              bssCOMMON    0000
__Lcinit                  cinit        000F
__Lclrtext                clrtext      0000
__Lcode                   code         0000
__Lcommon                 common       0000
__Lconfig                 config       2007
__LcstackBANK0            cstackBANK0  0000
__LcstackBANK1            cstackBANK1  0000
__LcstackCOMMON           cstackCOMMON 0000
__Leeprom_data            eeprom_data  0000
__Lend_init               end_init     000C
__Lfunctab                functab      0000
__Lidloc                  idloc        0000
__Linit                   init         000C
__Lintentry               intentry     0004
__Lmaintext               maintext     0000
__Lpowerup                powerup      0000
__Lram                    ram          0000
__Lreset_vec              reset_vec    0000
__Lsfr0                   sfr0         0000
__Lsfr1                   sfr1         0000
__Lsfr2                   sfr2         0000
__Lsfr3                   sfr3         0000
__Lspace_0                (abs)        0000
__Lspace_1                (abs)        0000
__Lspace_2                (abs)        0000
__Lspace_3                (abs)        0000
__Lstack                  stack        0000
__Lstrings                strings      0000
__Ltext                   text         0000
__S0                      (abs)        2009
__S1                      (abs)        00C8
__S2                      (abs)        0000
__S3                      (abs)        0000
__Umul8_16                text23       15EC
__Umul8_16@multiplicand   cstackCOMMON 0073
__Umul8_16@multiplier     cstackBANK0  0024
__Umul8_16@product        cstackBANK0  0020
__Umul8_16@word_mpld      cstackBANK0  0022
___fladd                  text25       0A76
___fladd@a                cstackBANK0  0032
___fladd@aexp             cstackBANK0  0043
___fladd@b                cstackBANK0  002E
___fladd@bexp             cstackBANK0  0044
___fladd@grs              cstackBANK0  0045
___fladd@signs            cstackBANK0  0042
___fldiv                  text24       0D32
___fldiv@a                cstackBANK0  0060
___fldiv@aexp             cstackBANK1  00C3
___fldiv@b                cstackBANK0  0064
___fldiv@bexp             cstackBANK1  00C2
___fldiv@grs              cstackBANK1  00BE
___fldiv@new_exp          cstackBANK1  00BC
___fldiv@rem              cstackBANK1  00B7
___fldiv@sign             cstackBANK1  00BB
___flmul                  text22       0024
___flmul@a                cstackBANK0  004A
___flmul@aexp             cstackBANK0  0058
___flmul@b                cstackBANK0  0046
___flmul@bexp             cstackBANK0  0059
___flmul@grs              cstackBANK0  0054
___flmul@prod             cstackBANK0  005A
___flmul@sign             cstackBANK0  0053
___flmul@temp             cstackBANK0  005E
___flneg                  text21       156D
___flneg@f1               cstackBANK0  002A
___fltol                  text20       0828
___fltol@exp1             cstackBANK0  0026
___fltol@f1               cstackCOMMON 0073
___fltol@sign1            cstackBANK0  0025
___int_sp                 stack        0000
___latbits                (abs)        0002
___lwdiv                  text7        16DA
___lwdiv@counter          cstackBANK0  0020
___lwdiv@dividend         cstackCOMMON 0075
___lwdiv@divisor          cstackCOMMON 0073
___lwdiv@quotient         cstackBANK0  0021
___lwmod                  text6        164F
___lwmod@counter          cstackBANK0  0028
___lwmod@dividend         cstackBANK0  0025
___lwmod@divisor          cstackBANK0  0023
___sp                     stack        0000
___xxtofl                 text19       08C4
___xxtofl@arg             cstackBANK0  0026
___xxtofl@exp             cstackBANK0  0025
___xxtofl@sign            cstackBANK0  0024
___xxtofl@val             cstackCOMMON 0073
__end_of_ISR              text26       15EC
__end_of__Umul8_16        text23       1618
__end_of___fladd          text25       0D32
__end_of___fldiv          text24       1000
__end_of___flmul          text22       0399
__end_of___flneg          text21       157C
__end_of___fltol          text20       08C4
__end_of___lwdiv          text7        1727
__end_of___lwmod          text6        1692
__end_of___xxtofl         text19       0988
__end_of__initialization  cinit        0020
__end_of__stringtab       strings      1010
__end_of_clcLCD           text17       1551
__end_of_cmdLCD           text18       15AF
__end_of_configADC        text16       164F
__end_of_configCanal      text15       0A76
__end_of_dpowers          strings      101A
__end_of_initLCD          text14       07FF
__end_of_initUSART        text13       1800
__end_of_main             maintext     06C3
__end_of_readADC          text12       154A
__end_of_selCanal         text11       155F
__end_of_sendUSART        text10       156D
__end_of_setCursorLCD     text8        0828
__end_of_setup            text9        159B
__end_of_sprintf          text5        07C5
__end_of_writeCharLCD     text4        158B
__end_of_writeFloat       text1        1787
__end_of_writeIntLCD      text2        15CD
__end_of_writeStrLCD      text3        16DA
__initialization          cinit        000F
__pbssBANK0               bssBANK0     006D
__pbssBANK1               bssBANK1     00A0
__pbssCOMMON              bssCOMMON    0078
__pcstackBANK0            cstackBANK0  0020
__pcstackBANK1            cstackBANK1  00B7
__pcstackCOMMON           cstackCOMMON 0070
__pintentry               intentry     0004
__pmaintext               maintext     0399
__pstrings                strings      1000
__ptext1                  text1        1727
__ptext10                 text10       155F
__ptext11                 text11       1551
__ptext12                 text12       1545
__ptext13                 text13       1787
__ptext14                 text14       07C5
__ptext15                 text15       0988
__ptext16                 text16       1618
__ptext17                 text17       154A
__ptext18                 text18       159B
__ptext19                 text19       08C4
__ptext2                  text2        15AF
__ptext20                 text20       0828
__ptext21                 text21       156D
__ptext22                 text22       0024
__ptext23                 text23       15EC
__ptext24                 text24       0D32
__ptext25                 text25       0A76
__ptext26                 text26       15CD
__ptext3                  text3        1692
__ptext4                  text4        157C
__ptext5                  text5        06C3
__ptext6                  text6        164F
__ptext7                  text7        16DA
__ptext8                  text8        0809
__ptext9                  text9        158B
__size_of_ISR             (abs)        0000
__size_of__Umul8_16       (abs)        0000
__size_of___fladd         (abs)        0000
__size_of___fldiv         (abs)        0000
__size_of___flmul         (abs)        0000
__size_of___flneg         (abs)        0000
__size_of___fltol         (abs)        0000
__size_of___lwdiv         (abs)        0000
__size_of___lwmod         (abs)        0000
__size_of___xxtofl        (abs)        0000
__size_of_clcLCD          (abs)        0000
__size_of_cmdLCD          (abs)        0000
__size_of_configADC       (abs)        0000
__size_of_configCanal     (abs)        0000
__size_of_initLCD         (abs)        0000
__size_of_initUSART       (abs)        0000
__size_of_main            (abs)        0000
__size_of_readADC         (abs)        0000
__size_of_selCanal        (abs)        0000
__size_of_sendUSART       (abs)        0000
__size_of_setCursorLCD    (abs)        0000
__size_of_setup           (abs)        0000
__size_of_sprintf         (abs)        0000
__size_of_writeCharLCD    (abs)        0000
__size_of_writeFloat      (abs)        0000
__size_of_writeIntLCD     (abs)        0000
__size_of_writeStrLCD     (abs)        0000
__stringbase              strings      100F
__stringtab               strings      1000
_adc                      bssCOMMON    007A
_clcLCD                   text17       154A
_cmdLCD                   text18       159B
_configADC                text16       1618
_configCanal              text15       0988
_cont                     bssBANK1     00B3
_contADC                  bssBANK1     00B4
_cursor                   bssBANK1     00B5
_dec1                     bssBANK1     00B2
_dec2                     bssBANK1     00B1
_dpowers                  strings      1010
_entero1                  bssBANK0     006D
_entero2                  bssCOMMON    0079
_float1                   bssBANK1     00A4
_float2                   bssBANK1     00A0
_initLCD                  text14       07C5
_initUSART                text13       1787
_interrupcionUSART        bssBANK1     00B0
_main                     maintext     0399
_readADC                  text12       1545
_receivingData            bssCOMMON    0078
_selCanal                 text11       1551
_sendUSART                text10       155F
_sensor1                  bssBANK0     006F
_sensor2                  bssBANK0     006E
_sensorF1                 bssBANK1     00AC
_sensorF2                 bssBANK1     00A8
_setCursorLCD             text8        0809
_setup                    text9        158B
_sprintf                  text5        06C3
_writeCharLCD             text4        157C
_writeFloat               text1        1727
_writeIntLCD              text2        15AF
_writeStrLCD              text3        1692
btemp                     (abs)        007E
clear_ram0                clrtext      0801
cmdLCD@cmd                cstackCOMMON 0075
configADC@FOSC            cstackCOMMON 0075
configCanal@channel       cstackCOMMON 0075
end_of_initialization     cinit        0020
initUSART@baudrate        cstackCOMMON 0073
initUSART@rcint           cstackCOMMON 0076
initUSART@syncrono        cstackCOMMON 0077
initUSART@txint           cstackCOMMON 0075
interrupt_function        intentry     0004
intlevel0                 functab      0000
intlevel1                 functab      0000
intlevel2                 functab      0000
intlevel3                 functab      0000
intlevel4                 functab      0000
intlevel5                 functab      0000
reset_vec                 reset_vec    0000
saved_w                   (abs)        007E
selCanal@channel          cstackCOMMON 0074
sendUSART@data            cstackCOMMON 0073
setCursorLCD@x            cstackCOMMON 0076
setCursorLCD@y            cstackBANK0  0020
sprintf@ap                cstackBANK0  002F
sprintf@c                 cstackBANK0  0035
sprintf@f                 cstackBANK0  0029
sprintf@flag              cstackBANK0  0030
sprintf@prec              cstackBANK0  0031
sprintf@sp                cstackBANK0  0034
sprintf@val               cstackBANK0  0032
stackhi                   (abs)        0000
stacklo                   (abs)        0000
start                     init         000C
start_initialization      cinit        000F
writeCharLCD@character    cstackCOMMON 0074
writeFloat@decimal        cstackBANK0  003E
writeFloat@initPos        cstackBANK0  003F
writeFloat@integer        cstackBANK0  0041
writeIntLCD@buffer        cstackBANK0  0039
writeIntLCD@numero        cstackBANK0  003D
writeStrLCD@cont          cstackBANK0  0023
writeStrLCD@string        cstackCOMMON 0075
wtemp0                    (abs)        007E


FUNCTION INFORMATION:

 *************** function _main *****************
 Defined at:
		line 50 in file "newmain.c"
 Parameters:    Size  Location     Type
		None
 Auto vars:     Size  Location     Type
		None
 Return value:  Size  Location     Type
                  1    wreg      void 
 Registers used:
		wreg, fsr0l, fsr0h, status,2, status,0, btemp+1, pclath, cstack
 Tracked objects:
		On entry : 
		On exit  : 
		Unchanged: 
 Data sizes:     COMMON   BANK0   BANK1   BANK3   BANK2
      Params:         0       0       0       0       0
      Locals:         0       0       0       0       0
      Temps:          0       0       4       0       0
      Totals:         0       0       4       0       0
Total ram usage:        4 bytes
 Hardware stack levels required when called:    5
 This function calls:
		___fladd
		___fldiv
		___flmul
		___flneg
		___fltol
		___xxtofl
		_clcLCD
		_configADC
		_configCanal
		_initLCD
		_initUSART
		_readADC
		_selCanal
		_sendUSART
		_setCursorLCD
		_setup
		_writeFloat
		_writeIntLCD
		_writeStrLCD
 This function is called by:
		Startup code after reset
 This function uses a non-reentrant model


 *************** function _writeFloat *****************
 Defined at:
		line 63 in file "LCD.c"
 Parameters:    Size  Location     Type
  integer         1    wreg     unsigned char 
  decimal         1   30[BANK0 ] unsigned char 
  initPos         1   31[BANK0 ] unsigned char 
 Auto vars:     Size  Location     Type
  integer         1   33[BANK0 ] unsigned char 
 Return value:  Size  Location     Type
                  1    wreg      void 
 Registers used:
		wreg, fsr0l, fsr0h, status,2, status,0, btemp+1, pclath, cstack
 Tracked objects:
		On entry : 
		On exit  : 
		Unchanged: 
 Data sizes:     COMMON   BANK0   BANK1   BANK3   BANK2
      Params:         0       2       0       0       0
      Locals:         0       1       0       0       0
      Temps:          0       1       0       0       0
      Totals:         0       4       0       0       0
Total ram usage:        4 bytes
 Hardware stack levels used:    1
 Hardware stack levels required when called:    4
 This function calls:
		_setCursorLCD
		_writeCharLCD
		_writeIntLCD
 This function is called by:
		_main
 This function uses a non-reentrant model


 *************** function _writeIntLCD *****************
 Defined at:
		line 57 in file "LCD.c"
 Parameters:    Size  Location     Type
  numero          1    wreg     unsigned char 
 Auto vars:     Size  Location     Type
  numero          1   29[BANK0 ] unsigned char 
  buffer          4   25[BANK0 ] unsigned char [4]
 Return value:  Size  Location     Type
                  1    wreg      void 
 Registers used:
		wreg, fsr0l, fsr0h, status,2, status,0, btemp+1, pclath, cstack
 Tracked objects:
		On entry : 
		On exit  : 
		Unchanged: 
 Data sizes:     COMMON   BANK0   BANK1   BANK3   BANK2
      Params:         0       0       0       0       0
      Locals:         0       5       0       0       0
      Temps:          0       3       0       0       0
      Totals:         0       8       0       0       0
Total ram usage:        8 bytes
 Hardware stack levels used:    1
 Hardware stack levels required when called:    3
 This function calls:
		_sprintf
		_writeStrLCD
 This function is called by:
		_writeFloat
		_main
 This function uses a non-reentrant model


 *************** function _writeStrLCD *****************
 Defined at:
		line 21 in file "LCD.c"
 Parameters:    Size  Location     Type
  string          2    5[COMMON] PTR unsigned char 
		 -> STR_5(3), STR_4(4), STR_3(3), STR_2(3), 
		 -> writeIntLCD@buffer(4), 
 Auto vars:     Size  Location     Type
  cont            2    3[BANK0 ] int 
 Return value:  Size  Location     Type
                  1    wreg      void 
 Registers used:
		wreg, fsr0l, fsr0h, status,2, status,0, btemp+1, pclath, cstack
 Tracked objects:
		On entry : 
		On exit  : 
		Unchanged: 
 Data sizes:     COMMON   BANK0   BANK1   BANK3   BANK2
      Params:         2       0       0       0       0
      Locals:         0       2       0       0       0
      Temps:          0       3       0       0       0
      Totals:         2       5       0       0       0
Total ram usage:        7 bytes
 Hardware stack levels used:    1
 Hardware stack levels required when called:    2
 This function calls:
		_writeCharLCD
 This function is called by:
		_writeIntLCD
		_main
 This function uses a non-reentrant model


 *************** function _writeCharLCD *****************
 Defined at:
		line 28 in file "LCD.c"
 Parameters:    Size  Location     Type
  character       1    wreg     unsigned char 
 Auto vars:     Size  Location     Type
  character       1    4[COMMON] unsigned char 
 Return value:  Size  Location     Type
                  1    wreg      void 
 Registers used:
		wreg
 Tracked objects:
		On entry : 
		On exit  : 
		Unchanged: 
 Data sizes:     COMMON   BANK0   BANK1   BANK3   BANK2
      Params:         0       0       0       0       0
      Locals:         1       0       0       0       0
      Temps:          1       0       0       0       0
      Totals:         2       0       0       0       0
Total ram usage:        2 bytes
 Hardware stack levels used:    1
 Hardware stack levels required when called:    1
 This function calls:
		Nothing
 This function is called by:
		_writeStrLCD
		_writeFloat
 This function uses a non-reentrant model


 *************** function _sprintf *****************
 Defined at:
		line 500 in file "C:\Program Files (x86)\Microchip\xc8\v2.00\pic\sources\c90\common\doprnt.c"
 Parameters:    Size  Location     Type
  sp              1    wreg     PTR unsigned char 
		 -> writeIntLCD@buffer(4), 
  f               1    9[BANK0 ] PTR const unsigned char 
		 -> STR_1(3), 
 Auto vars:     Size  Location     Type
  sp              1   20[BANK0 ] PTR unsigned char 
		 -> writeIntLCD@buffer(4), 
  tmpval          4    0        struct .
  val             2   18[BANK0 ] unsigned int 
  cp              2    0        PTR const unsigned char 
  len             2    0        unsigned int 
  c               1   21[BANK0 ] unsigned char 
  prec            1   17[BANK0 ] char 
  flag            1   16[BANK0 ] unsigned char 
  ap              1   15[BANK0 ] PTR void [1]
		 -> ?_sprintf(2), 
 Return value:  Size  Location     Type
                  2    9[BANK0 ] int 
 Registers used:
		wreg, fsr0l, fsr0h, status,2, status,0, btemp+1, pclath, cstack
 Tracked objects:
		On entry : 
		On exit  : 
		Unchanged: 
 Data sizes:     COMMON   BANK0   BANK1   BANK3   BANK2
      Params:         0       3       0       0       0
      Locals:         0       7       0       0       0
      Temps:          0       3       0       0       0
      Totals:         0      13       0       0       0
Total ram usage:       13 bytes
 Hardware stack levels used:    1
 Hardware stack levels required when called:    2
 This function calls:
		___lwdiv
		___lwmod
 This function is called by:
		_writeIntLCD
 This function uses a non-reentrant model


 *************** function ___lwmod *****************
 Defined at:
		line 5 in file "C:\Program Files (x86)\Microchip\xc8\v2.00\pic\sources\c90\common\lwmod.c"
 Parameters:    Size  Location     Type
  divisor         2    3[BANK0 ] unsigned int 
  dividend        2    5[BANK0 ] unsigned int 
 Auto vars:     Size  Location     Type
  counter         1    8[BANK0 ] unsigned char 
 Return value:  Size  Location     Type
                  2    3[BANK0 ] unsigned int 
 Registers used:
		wreg, status,2, status,0
 Tracked objects:
		On entry : 
		On exit  : 
		Unchanged: 
 Data sizes:     COMMON   BANK0   BANK1   BANK3   BANK2
      Params:         0       4       0       0       0
      Locals:         0       1       0       0       0
      Temps:          0       1       0       0       0
      Totals:         0       6       0       0       0
Total ram usage:        6 bytes
 Hardware stack levels used:    1
 Hardware stack levels required when called:    1
 This function calls:
		Nothing
 This function is called by:
		_sprintf
 This function uses a non-reentrant model


 *************** function ___lwdiv *****************
 Defined at:
		line 5 in file "C:\Program Files (x86)\Microchip\xc8\v2.00\pic\sources\c90\common\lwdiv.c"
 Parameters:    Size  Location     Type
  divisor         2    3[COMMON] unsigned int 
  dividend        2    5[COMMON] unsigned int 
 Auto vars:     Size  Location     Type
  quotient        2    1[BANK0 ] unsigned int 
  counter         1    0[BANK0 ] unsigned char 
 Return value:  Size  Location     Type
                  2    3[COMMON] unsigned int 
 Registers used:
		wreg, status,2, status,0
 Tracked objects:
		On entry : 
		On exit  : 
		Unchanged: 
 Data sizes:     COMMON   BANK0   BANK1   BANK3   BANK2
      Params:         4       0       0       0       0
      Locals:         0       3       0       0       0
      Temps:          1       0       0       0       0
      Totals:         5       3       0       0       0
Total ram usage:        8 bytes
 Hardware stack levels used:    1
 Hardware stack levels required when called:    1
 This function calls:
		Nothing
 This function is called by:
		_sprintf
 This function uses a non-reentrant model


 *************** function _setCursorLCD *****************
 Defined at:
		line 8 in file "LCD.c"
 Parameters:    Size  Location     Type
  y               1    wreg     unsigned char 
  x               1    6[COMMON] unsigned char 
 Auto vars:     Size  Location     Type
  y               1    0[BANK0 ] unsigned char 
 Return value:  Size  Location     Type
                  1    wreg      void 
 Registers used:
		wreg, status,2, status,0, pclath, cstack
 Tracked objects:
		On entry : 
		On exit  : 
		Unchanged: 
 Data sizes:     COMMON   BANK0   BANK1   BANK3   BANK2
      Params:         1       0       0       0       0
      Locals:         0       1       0       0       0
      Temps:          1       0       0       0       0
      Totals:         2       1       0       0       0
Total ram usage:        3 bytes
 Hardware stack levels used:    1
 Hardware stack levels required when called:    2
 This function calls:
		_cmdLCD
 This function is called by:
		_writeFloat
		_main
 This function uses a non-reentrant model


 *************** function _setup *****************
 Defined at:
		line 124 in file "newmain.c"
 Parameters:    Size  Location     Type
		None
 Auto vars:     Size  Location     Type
		None
 Return value:  Size  Location     Type
                  1    wreg      void 
 Registers used:
		wreg, status,2
 Tracked objects:
		On entry : 
		On exit  : 
		Unchanged: 
 Data sizes:     COMMON   BANK0   BANK1   BANK3   BANK2
      Params:         0       0       0       0       0
      Locals:         0       0       0       0       0
      Temps:          0       0       0       0       0
      Totals:         0       0       0       0       0
Total ram usage:        0 bytes
 Hardware stack levels used:    1
 Hardware stack levels required when called:    1
 This function calls:
		Nothing
 This function is called by:
		_main
 This function uses a non-reentrant model


 *************** function _sendUSART *****************
 Defined at:
		line 40 in file "USART.c"
 Parameters:    Size  Location     Type
  data            1    wreg     unsigned char 
 Auto vars:     Size  Location     Type
  data            1    3[COMMON] unsigned char 
 Return value:  Size  Location     Type
                  1    wreg      void 
 Registers used:
		wreg
 Tracked objects:
		On entry : 
		On exit  : 
		Unchanged: 
 Data sizes:     COMMON   BANK0   BANK1   BANK3   BANK2
      Params:         0       0       0       0       0
      Locals:         1       0       0       0       0
      Temps:          0       0       0       0       0
      Totals:         1       0       0       0       0
Total ram usage:        1 bytes
 Hardware stack levels used:    1
 Hardware stack levels required when called:    1
 This function calls:
		Nothing
 This function is called by:
		_main
 This function uses a non-reentrant model


 *************** function _selCanal *****************
 Defined at:
		line 10 in file "ADC.c"
 Parameters:    Size  Location     Type
  channel         1    wreg     unsigned char 
 Auto vars:     Size  Location     Type
  channel         1    4[COMMON] unsigned char 
 Return value:  Size  Location     Type
                  1    wreg      void 
 Registers used:
		wreg, status,2, status,0
 Tracked objects:
		On entry : 
		On exit  : 
		Unchanged: 
 Data sizes:     COMMON   BANK0   BANK1   BANK3   BANK2
      Params:         0       0       0       0       0
      Locals:         1       0       0       0       0
      Temps:          1       0       0       0       0
      Totals:         2       0       0       0       0
Total ram usage:        2 bytes
 Hardware stack levels used:    1
 Hardware stack levels required when called:    1
 This function calls:
		Nothing
 This function is called by:
		_main
 This function uses a non-reentrant model


 *************** function _readADC *****************
 Defined at:
		line 6 in file "ADC.c"
 Parameters:    Size  Location     Type
		None
 Auto vars:     Size  Location     Type
		None
 Return value:  Size  Location     Type
                  1    wreg      unsigned char 
 Registers used:
		wreg
 Tracked objects:
		On entry : 
		On exit  : 
		Unchanged: 
 Data sizes:     COMMON   BANK0   BANK1   BANK3   BANK2
      Params:         0       0       0       0       0
      Locals:         0       0       0       0       0
      Temps:          0       0       0       0       0
      Totals:         0       0       0       0       0
Total ram usage:        0 bytes
 Hardware stack levels used:    1
 Hardware stack levels required when called:    1
 This function calls:
		Nothing
 This function is called by:
		_main
 This function uses a non-reentrant model


 *************** function _initUSART *****************
 Defined at:
		line 4 in file "USART.c"
 Parameters:    Size  Location     Type
  baudrate        2    3[COMMON] unsigned int 
  txint           1    5[COMMON] unsigned char 
  rcint           1    6[COMMON] unsigned char 
  syncrono        1    7[COMMON] unsigned char 
 Auto vars:     Size  Location     Type
		None
 Return value:  Size  Location     Type
                  1    wreg      void 
 Registers used:
		wreg, status,2, status,0
 Tracked objects:
		On entry : 
		On exit  : 
		Unchanged: 
 Data sizes:     COMMON   BANK0   BANK1   BANK3   BANK2
      Params:         5       0       0       0       0
      Locals:         0       0       0       0       0
      Temps:          0       0       0       0       0
      Totals:         5       0       0       0       0
Total ram usage:        5 bytes
 Hardware stack levels used:    1
 Hardware stack levels required when called:    1
 This function calls:
		Nothing
 This function is called by:
		_main
 This function uses a non-reentrant model


 *************** function _initLCD *****************
 Defined at:
		line 36 in file "LCD.c"
 Parameters:    Size  Location     Type
		None
 Auto vars:     Size  Location     Type
		None
 Return value:  Size  Location     Type
                  1    wreg      void 
 Registers used:
		wreg, status,2, status,0, pclath, cstack
 Tracked objects:
		On entry : 
		On exit  : 
		Unchanged: 
 Data sizes:     COMMON   BANK0   BANK1   BANK3   BANK2
      Params:         0       0       0       0       0
      Locals:         0       0       0       0       0
      Temps:          2       0       0       0       0
      Totals:         2       0       0       0       0
Total ram usage:        2 bytes
 Hardware stack levels used:    1
 Hardware stack levels required when called:    2
 This function calls:
		_cmdLCD
 This function is called by:
		_main
 This function uses a non-reentrant model


 *************** function _configCanal *****************
 Defined at:
		line 15 in file "ADC.c"
 Parameters:    Size  Location     Type
  channel         1    wreg     unsigned char 
 Auto vars:     Size  Location     Type
  channel         1    5[COMMON] unsigned char 
 Return value:  Size  Location     Type
                  1    wreg      void 
 Registers used:
		wreg, fsr0l, fsr0h, status,2, status,0
 Tracked objects:
		On entry : 
		On exit  : 
		Unchanged: 
 Data sizes:     COMMON   BANK0   BANK1   BANK3   BANK2
      Params:         0       0       0       0       0
      Locals:         1       0       0       0       0
      Temps:          2       0       0       0       0
      Totals:         3       0       0       0       0
Total ram usage:        3 bytes
 Hardware stack levels used:    1
 Hardware stack levels required when called:    1
 This function calls:
		Nothing
 This function is called by:
		_main
 This function uses a non-reentrant model


 *************** function _configADC *****************
 Defined at:
		line 133 in file "ADC.c"
 Parameters:    Size  Location     Type
  FOSC            1    wreg     unsigned char 
 Auto vars:     Size  Location     Type
  FOSC            1    5[COMMON] unsigned char 
 Return value:  Size  Location     Type
                  1    wreg      void 
 Registers used:
		wreg, fsr0l, fsr0h, status,2, status,0
 Tracked objects:
		On entry : 
		On exit  : 
		Unchanged: 
 Data sizes:     COMMON   BANK0   BANK1   BANK3   BANK2
      Params:         0       0       0       0       0
      Locals:         1       0       0       0       0
      Temps:          2       0       0       0       0
      Totals:         3       0       0       0       0
Total ram usage:        3 bytes
 Hardware stack levels used:    1
 Hardware stack levels required when called:    1
 This function calls:
		Nothing
 This function is called by:
		_main
 This function uses a non-reentrant model


 *************** function _clcLCD *****************
 Defined at:
		line 17 in file "LCD.c"
 Parameters:    Size  Location     Type
		None
 Auto vars:     Size  Location     Type
		None
 Return value:  Size  Location     Type
                  1    wreg      void 
 Registers used:
		wreg, status,2, status,0, pclath, cstack
 Tracked objects:
		On entry : 
		On exit  : 
		Unchanged: 
 Data sizes:     COMMON   BANK0   BANK1   BANK3   BANK2
      Params:         0       0       0       0       0
      Locals:         0       0       0       0       0
      Temps:          0       0       0       0       0
      Totals:         0       0       0       0       0
Total ram usage:        0 bytes
 Hardware stack levels used:    1
 Hardware stack levels required when called:    2
 This function calls:
		_cmdLCD
 This function is called by:
		_main
 This function uses a non-reentrant model


 *************** function _cmdLCD *****************
 Defined at:
		line 49 in file "LCD.c"
 Parameters:    Size  Location     Type
  cmd             1    wreg     unsigned char 
 Auto vars:     Size  Location     Type
  cmd             1    5[COMMON] unsigned char 
 Return value:  Size  Location     Type
                  1    wreg      void 
 Registers used:
		wreg
 Tracked objects:
		On entry : 
		On exit  : 
		Unchanged: 
 Data sizes:     COMMON   BANK0   BANK1   BANK3   BANK2
      Params:         0       0       0       0       0
      Locals:         1       0       0       0       0
      Temps:          2       0       0       0       0
      Totals:         3       0       0       0       0
Total ram usage:        3 bytes
 Hardware stack levels used:    1
 Hardware stack levels required when called:    1
 This function calls:
		Nothing
 This function is called by:
		_setCursorLCD
		_clcLCD
		_initLCD
 This function uses a non-reentrant model


 *************** function ___xxtofl *****************
 Defined at:
		line 10 in file "C:\Program Files (x86)\Microchip\xc8\v2.00\pic\sources\c90\common\xxtofl.c"
 Parameters:    Size  Location     Type
  sign            1    wreg     unsigned char 
  val             4    3[COMMON] long 
 Auto vars:     Size  Location     Type
  sign            1    4[BANK0 ] unsigned char 
  arg             4    6[BANK0 ] unsigned long 
  exp             1    5[BANK0 ] unsigned char 
 Return value:  Size  Location     Type
                  4    3[COMMON] unsigned char 
 Registers used:
		wreg, status,2, status,0
 Tracked objects:
		On entry : 
		On exit  : 
		Unchanged: 
 Data sizes:     COMMON   BANK0   BANK1   BANK3   BANK2
      Params:         4       0       0       0       0
      Locals:         0       6       0       0       0
      Temps:          0       4       0       0       0
      Totals:         4      10       0       0       0
Total ram usage:       14 bytes
 Hardware stack levels used:    1
 Hardware stack levels required when called:    1
 This function calls:
		Nothing
 This function is called by:
		_main
 This function uses a non-reentrant model


 *************** function ___fltol *****************
 Defined at:
		line 43 in file "C:\Program Files (x86)\Microchip\xc8\v2.00\pic\sources\c90\common\fltol.c"
 Parameters:    Size  Location     Type
  f1              4    3[COMMON] unsigned char 
 Auto vars:     Size  Location     Type
  exp1            1    6[BANK0 ] unsigned char 
  sign1           1    5[BANK0 ] unsigned char 
 Return value:  Size  Location     Type
                  4    3[COMMON] long 
 Registers used:
		wreg, status,2, status,0
 Tracked objects:
		On entry : 
		On exit  : 
		Unchanged: 
 Data sizes:     COMMON   BANK0   BANK1   BANK3   BANK2
      Params:         4       0       0       0       0
      Locals:         0       2       0       0       0
      Temps:          0       5       0       0       0
      Totals:         4       7       0       0       0
Total ram usage:       11 bytes
 Hardware stack levels used:    1
 Hardware stack levels required when called:    1
 This function calls:
		Nothing
 This function is called by:
		_main
 This function uses a non-reentrant model


 *************** function ___flneg *****************
 Defined at:
		line 15 in file "C:\Program Files (x86)\Microchip\xc8\v2.00\pic\sources\c90\common\flneg.c"
 Parameters:    Size  Location     Type
  f1              4   10[BANK0 ] long 
 Auto vars:     Size  Location     Type
		None
 Return value:  Size  Location     Type
                  4   10[BANK0 ] long 
 Registers used:
		wreg
 Tracked objects:
		On entry : 
		On exit  : 
		Unchanged: 
 Data sizes:     COMMON   BANK0   BANK1   BANK3   BANK2
      Params:         0       4       0       0       0
      Locals:         0       0       0       0       0
      Temps:          0       0       0       0       0
      Totals:         0       4       0       0       0
Total ram usage:        4 bytes
 Hardware stack levels used:    1
 Hardware stack levels required when called:    1
 This function calls:
		Nothing
 This function is called by:
		_main
 This function uses a non-reentrant model


 *************** function ___flmul *****************
 Defined at:
		line 8 in file "C:\Program Files (x86)\Microchip\xc8\v2.00\pic\sources\c90\common\sprcmul.c"
 Parameters:    Size  Location     Type
  b               4   38[BANK0 ] long 
  a               4   42[BANK0 ] long 
 Auto vars:     Size  Location     Type
  prod            4   58[BANK0 ] struct .
  grs             4   52[BANK0 ] unsigned long 
  temp            2   62[BANK0 ] struct .
  bexp            1   57[BANK0 ] unsigned char 
  aexp            1   56[BANK0 ] unsigned char 
  sign            1   51[BANK0 ] unsigned char 
 Return value:  Size  Location     Type
                  4   38[BANK0 ] unsigned char 
 Registers used:
		wreg, status,2, status,0, btemp+1, pclath, cstack
 Tracked objects:
		On entry : 
		On exit  : 
		Unchanged: 
 Data sizes:     COMMON   BANK0   BANK1   BANK3   BANK2
      Params:         0       8       0       0       0
      Locals:         0      13       0       0       0
      Temps:          0       5       0       0       0
      Totals:         0      26       0       0       0
Total ram usage:       26 bytes
 Hardware stack levels used:    1
 Hardware stack levels required when called:    2
 This function calls:
		__Umul8_16
 This function is called by:
		_main
 This function uses a non-reentrant model


 *************** function __Umul8_16 *****************
 Defined at:
		line 4 in file "C:\Program Files (x86)\Microchip\xc8\v2.00\pic\sources\c90\common\Umul8_16.c"
 Parameters:    Size  Location     Type
  multiplier      1    wreg     unsigned char 
  multiplicand    1    3[COMMON] unsigned char 
 Auto vars:     Size  Location     Type
  multiplier      1    4[BANK0 ] unsigned char 
  word_mpld       2    2[BANK0 ] unsigned int 
  product         2    0[BANK0 ] unsigned int 
 Return value:  Size  Location     Type
                  2    3[COMMON] unsigned int 
 Registers used:
		wreg, status,2, status,0
 Tracked objects:
		On entry : 
		On exit  : 
		Unchanged: 
 Data sizes:     COMMON   BANK0   BANK1   BANK3   BANK2
      Params:         2       0       0       0       0
      Locals:         0       5       0       0       0
      Temps:          2       0       0       0       0
      Totals:         4       5       0       0       0
Total ram usage:        9 bytes
 Hardware stack levels used:    1
 Hardware stack levels required when called:    1
 This function calls:
		Nothing
 This function is called by:
		___flmul
 This function uses a non-reentrant model


 *************** function ___fldiv *****************
 Defined at:
		line 8 in file "C:\Program Files (x86)\Microchip\xc8\v2.00\pic\sources\c90\common\sprcdiv.c"
 Parameters:    Size  Location     Type
  a               4   64[BANK0 ] unsigned int 
  b               4   68[BANK0 ] unsigned int 
 Auto vars:     Size  Location     Type
  grs             4    7[BANK1 ] unsigned long 
  rem             4    0[BANK1 ] unsigned long 
  new_exp         2    5[BANK1 ] int 
  aexp            1   12[BANK1 ] unsigned char 
  bexp            1   11[BANK1 ] unsigned char 
  sign            1    4[BANK1 ] unsigned char 
 Return value:  Size  Location     Type
                  4   64[BANK0 ] unsigned char 
 Registers used:
		wreg, status,2, status,0, btemp+1
 Tracked objects:
		On entry : 
		On exit  : 
		Unchanged: 
 Data sizes:     COMMON   BANK0   BANK1   BANK3   BANK2
      Params:         0       8       0       0       0
      Locals:         0       0      13       0       0
      Temps:          0       5       0       0       0
      Totals:         0      13      13       0       0
Total ram usage:       26 bytes
 Hardware stack levels used:    1
 Hardware stack levels required when called:    1
 This function calls:
		Nothing
 This function is called by:
		_main
 This function uses a non-reentrant model


 *************** function ___fladd *****************
 Defined at:
		line 10 in file "C:\Program Files (x86)\Microchip\xc8\v2.00\pic\sources\c90\common\sprcadd.c"
 Parameters:    Size  Location     Type
  b               4   14[BANK0 ] unsigned char 
  a               4   18[BANK0 ] unsigned char 
 Auto vars:     Size  Location     Type
  grs             1   37[BANK0 ] unsigned char 
  bexp            1   36[BANK0 ] unsigned char 
  aexp            1   35[BANK0 ] unsigned char 
  signs           1   34[BANK0 ] unsigned char 
 Return value:  Size  Location     Type
                  4   14[BANK0 ] unsigned char 
 Registers used:
		wreg, status,2, status,0, btemp+1
 Tracked objects:
		On entry : 
		On exit  : 
		Unchanged: 
 Data sizes:     COMMON   BANK0   BANK1   BANK3   BANK2
      Params:         0       8       0       0       0
      Locals:         0       4       0       0       0
      Temps:          0      12       0       0       0
      Totals:         0      24       0       0       0
Total ram usage:       24 bytes
 Hardware stack levels used:    1
 Hardware stack levels required when called:    1
 This function calls:
		Nothing
 This function is called by:
		_main
 This function uses a non-reentrant model


 *************** function _ISR *****************
 Defined at:
		line 39 in file "newmain.c"
 Parameters:    Size  Location     Type
		None
 Auto vars:     Size  Location     Type
		None
 Return value:  Size  Location     Type
                  1    wreg      void 
 Registers used:
		wreg
 Tracked objects:
		On entry : 
		On exit  : 
		Unchanged: 
 Data sizes:     COMMON   BANK0   BANK1   BANK3   BANK2
      Params:         0       0       0       0       0
      Locals:         0       0       0       0       0
      Temps:          3       0       0       0       0
      Totals:         3       0       0       0       0
Total ram usage:        3 bytes
 Hardware stack levels used:    1
 This function calls:
		Nothing
 This function is called by:
		Interrupt level 1
 This function uses a non-reentrant model



MODULE INFORMATION

Module		Function		Class		Link	Load	Size
USART.c
		_sendUSART     		CODE           	155F	0000	15
		_initUSART     		CODE           	1787	0000	122

USART.c estimated size: 137

C:\Program Files (x86)\Microchip\xc8\v2.00\pic\sources\c90\common\lwmod.c
		___lwmod       		CODE           	164F	0000	68

C:\Program Files (x86)\Microchip\xc8\v2.00\pic\sources\c90\common\lwmod.c estimated size: 68

C:\Program Files (x86)\Microchip\xc8\v2.00\pic\sources\c90\common\doprnt.c
		_sprintf       		CODE           	06C3	0000	259

C:\Program Files (x86)\Microchip\xc8\v2.00\pic\sources\c90\common\doprnt.c estimated size: 259

C:\Program Files (x86)\Microchip\xc8\v2.00\pic\sources\c90\common\sprcmul.c
		___flmul       		CODE           	0024	0000	886

C:\Program Files (x86)\Microchip\xc8\v2.00\pic\sources\c90\common\sprcmul.c estimated size: 886

C:\Program Files (x86)\Microchip\xc8\v2.00\pic\sources\c90\common\sprcdiv.c
		___fldiv       		CODE           	0D32	0000	719

C:\Program Files (x86)\Microchip\xc8\v2.00\pic\sources\c90\common\sprcdiv.c estimated size: 719

newmain.c
		_ISR           		CODE           	15CD	0000	32
		_main          		CODE           	0399	0000	811
		_setup         		CODE           	158B	0000	17

newmain.c estimated size: 860

C:\Program Files (x86)\Microchip\xc8\v2.00\pic\sources\c90\common\lwdiv.c
		___lwdiv       		CODE           	16DA	0000	78

C:\Program Files (x86)\Microchip\xc8\v2.00\pic\sources\c90\common\lwdiv.c estimated size: 78

C:\Program Files (x86)\Microchip\xc8\v2.00\pic\sources\c90\common\fltol.c
		___fltol       		CODE           	0828	0000	157

C:\Program Files (x86)\Microchip\xc8\v2.00\pic\sources\c90\common\fltol.c estimated size: 157

C:\Program Files (x86)\Microchip\xc8\v2.00\pic\sources\c90\common\sprcadd.c
		___fladd       		CODE           	0A76	0000	701

C:\Program Files (x86)\Microchip\xc8\v2.00\pic\sources\c90\common\sprcadd.c estimated size: 701

shared
		__stringtab    		STRING         	1000	0000	17
		_dpowers       		STRING         	1010	0000	11
		__initialization		CODE           	000F	0000	18

shared estimated size: 46

C:\Program Files (x86)\Microchip\xc8\v2.00\pic\sources\c90\common\xxtofl.c
		___xxtofl      		CODE           	08C4	0000	197

C:\Program Files (x86)\Microchip\xc8\v2.00\pic\sources\c90\common\xxtofl.c estimated size: 197

ADC.c
		_selCanal      		CODE           	1551	0000	15
		_configADC     		CODE           	1618	0000	56
		_configCanal   		CODE           	0988	0000	239
		_readADC       		CODE           	1545	0000	6

ADC.c estimated size: 316

C:\Program Files (x86)\Microchip\xc8\v2.00\pic\sources\c90\common\Umul8_16.c
		__Umul8_16     		CODE           	15EC	0000	45

C:\Program Files (x86)\Microchip\xc8\v2.00\pic\sources\c90\common\Umul8_16.c estimated size: 45

C:\Program Files (x86)\Microchip\xc8\v2.00\pic\sources\c90\common\flneg.c
		___flneg       		CODE           	156D	0000	16

C:\Program Files (x86)\Microchip\xc8\v2.00\pic\sources\c90\common\flneg.c estimated size: 16

LCD.c
		_writeStrLCD   		CODE           	1692	0000	73
		_writeFloat    		CODE           	1727	0000	97
		_clcLCD        		CODE           	154A	0000	8
		_cmdLCD        		CODE           	159B	0000	21
		_writeCharLCD  		CODE           	157C	0000	16
		_writeIntLCD   		CODE           	15AF	0000	31
		_setCursorLCD  		CODE           	0809	0000	32
		_initLCD       		CODE           	07C5	0000	59

LCD.c estimated size: 337



FUNCTION INFORMATION:

 *************** function _main *****************
 Defined at:
		line 50 in file "newmain.c"
 Parameters:    Size  Location     Type
		None
 Auto vars:     Size  Location     Type
		None
 Return value:  Size  Location     Type
                  1    wreg      void 
 Registers used:
		wreg, fsr0l, fsr0h, status,2, status,0, btemp+1, pclath, cstack
 Tracked objects:
		On entry : 
		On exit  : 
		Unchanged: 
 Data sizes:     COMMON   BANK0   BANK1   BANK3   BANK2
      Params:         0       0       0       0       0
      Locals:         0       0       0       0       0
      Temps:          0       0       4       0       0
      Totals:         0       0       4       0       0
Total ram usage:        4 bytes
 Hardware stack levels required when called:    5
 This function calls:
		___fladd
		___fldiv
		___flmul
		___flneg
		___fltol
		___xxtofl
		_clcLCD
		_configADC
		_configCanal
		_initLCD
		_initUSART
		_readADC
		_selCanal
		_sendUSART
		_setCursorLCD
		_setup
		_writeFloat
		_writeIntLCD
		_writeStrLCD
 This function is called by:
		Startup code after reset
 This function uses a non-reentrant model


 *************** function _writeFloat *****************
 Defined at:
		line 63 in file "LCD.c"
 Parameters:    Size  Location     Type
  integer         1    wreg     unsigned char 
  decimal         1   30[BANK0 ] unsigned char 
  initPos         1   31[BANK0 ] unsigned char 
 Auto vars:     Size  Location     Type
  integer         1   33[BANK0 ] unsigned char 
 Return value:  Size  Location     Type
                  1    wreg      void 
 Registers used:
		wreg, fsr0l, fsr0h, status,2, status,0, btemp+1, pclath, cstack
 Tracked objects:
		On entry : 
		On exit  : 
		Unchanged: 
 Data sizes:     COMMON   BANK0   BANK1   BANK3   BANK2
      Params:         0       2       0       0       0
      Locals:         0       1       0       0       0
      Temps:          0       1       0       0       0
      Totals:         0       4       0       0       0
Total ram usage:        4 bytes
 Hardware stack levels used:    1
 Hardware stack levels required when called:    4
 This function calls:
		_setCursorLCD
		_writeCharLCD
		_writeIntLCD
 This function is called by:
		_main
 This function uses a non-reentrant model


 *************** function _writeIntLCD *****************
 Defined at:
		line 57 in file "LCD.c"
 Parameters:    Size  Location     Type
  numero          1    wreg     unsigned char 
 Auto vars:     Size  Location     Type
  numero          1   29[BANK0 ] unsigned char 
  buffer          4   25[BANK0 ] unsigned char [4]
 Return value:  Size  Location     Type
                  1    wreg      void 
 Registers used:
		wreg, fsr0l, fsr0h, status,2, status,0, btemp+1, pclath, cstack
 Tracked objects:
		On entry : 
		On exit  : 
		Unchanged: 
 Data sizes:     COMMON   BANK0   BANK1   BANK3   BANK2
      Params:         0       0       0       0       0
      Locals:         0       5       0       0       0
      Temps:          0       3       0       0       0
      Totals:         0       8       0       0       0
Total ram usage:        8 bytes
 Hardware stack levels used:    1
 Hardware stack levels required when called:    3
 This function calls:
		_sprintf
		_writeStrLCD
 This function is called by:
		_writeFloat
		_main
 This function uses a non-reentrant model


 *************** function _writeStrLCD *****************
 Defined at:
		line 21 in file "LCD.c"
 Parameters:    Size  Location     Type
  string          2    5[COMMON] PTR unsigned char 
		 -> STR_5(3), STR_4(4), STR_3(3), STR_2(3), 
		 -> writeIntLCD@buffer(4), 
 Auto vars:     Size  Location     Type
  cont            2    3[BANK0 ] int 
 Return value:  Size  Location     Type
                  1    wreg      void 
 Registers used:
		wreg, fsr0l, fsr0h, status,2, status,0, btemp+1, pclath, cstack
 Tracked objects:
		On entry : 
		On exit  : 
		Unchanged: 
 Data sizes:     COMMON   BANK0   BANK1   BANK3   BANK2
      Params:         2       0       0       0       0
      Locals:         0       2       0       0       0
      Temps:          0       3       0       0       0
      Totals:         2       5       0       0       0
Total ram usage:        7 bytes
 Hardware stack levels used:    1
 Hardware stack levels required when called:    2
 This function calls:
		_writeCharLCD
 This function is called by:
		_writeIntLCD
		_main
 This function uses a non-reentrant model


 *************** function _writeCharLCD *****************
 Defined at:
		line 28 in file "LCD.c"
 Parameters:    Size  Location     Type
  character       1    wreg     unsigned char 
 Auto vars:     Size  Location     Type
  character       1    4[COMMON] unsigned char 
 Return value:  Size  Location     Type
                  1    wreg      void 
 Registers used:
		wreg
 Tracked objects:
		On entry : 
		On exit  : 
		Unchanged: 
 Data sizes:     COMMON   BANK0   BANK1   BANK3   BANK2
      Params:         0       0       0       0       0
      Locals:         1       0       0       0       0
      Temps:          1       0       0       0       0
      Totals:         2       0       0       0       0
Total ram usage:        2 bytes
 Hardware stack levels used:    1
 Hardware stack levels required when called:    1
 This function calls:
		Nothing
 This function is called by:
		_writeStrLCD
		_writeFloat
 This function uses a non-reentrant model


 *************** function _sprintf *****************
 Defined at:
		line 500 in file "C:\Program Files (x86)\Microchip\xc8\v2.00\pic\sources\c90\common\doprnt.c"
 Parameters:    Size  Location     Type
  sp              1    wreg     PTR unsigned char 
		 -> writeIntLCD@buffer(4), 
  f               1    9[BANK0 ] PTR const unsigned char 
		 -> STR_1(3), 
 Auto vars:     Size  Location     Type
  sp              1   20[BANK0 ] PTR unsigned char 
		 -> writeIntLCD@buffer(4), 
  tmpval          4    0        struct .
  val             2   18[BANK0 ] unsigned int 
  cp              2    0        PTR const unsigned char 
  len             2    0        unsigned int 
  c               1   21[BANK0 ] unsigned char 
  prec            1   17[BANK0 ] char 
  flag            1   16[BANK0 ] unsigned char 
  ap              1   15[BANK0 ] PTR void [1]
		 -> ?_sprintf(2), 
 Return value:  Size  Location     Type
                  2    9[BANK0 ] int 
 Registers used:
		wreg, fsr0l, fsr0h, status,2, status,0, btemp+1, pclath, cstack
 Tracked objects:
		On entry : 
		On exit  : 
		Unchanged: 
 Data sizes:     COMMON   BANK0   BANK1   BANK3   BANK2
      Params:         0       3       0       0       0
      Locals:         0       7       0       0       0
      Temps:          0       3       0       0       0
      Totals:         0      13       0       0       0
Total ram usage:       13 bytes
 Hardware stack levels used:    1
 Hardware stack levels required when called:    2
 This function calls:
		___lwdiv
		___lwmod
 This function is called by:
		_writeIntLCD
 This function uses a non-reentrant model


 *************** function ___lwmod *****************
 Defined at:
		line 5 in file "C:\Program Files (x86)\Microchip\xc8\v2.00\pic\sources\c90\common\lwmod.c"
 Parameters:    Size  Location     Type
  divisor         2    3[BANK0 ] unsigned int 
  dividend        2    5[BANK0 ] unsigned int 
 Auto vars:     Size  Location     Type
  counter         1    8[BANK0 ] unsigned char 
 Return value:  Size  Location     Type
                  2    3[BANK0 ] unsigned int 
 Registers used:
		wreg, status,2, status,0
 Tracked objects:
		On entry : 
		On exit  : 
		Unchanged: 
 Data sizes:     COMMON   BANK0   BANK1   BANK3   BANK2
      Params:         0       4       0       0       0
      Locals:         0       1       0       0       0
      Temps:          0       1       0       0       0
      Totals:         0       6       0       0       0
Total ram usage:        6 bytes
 Hardware stack levels used:    1
 Hardware stack levels required when called:    1
 This function calls:
		Nothing
 This function is called by:
		_sprintf
 This function uses a non-reentrant model


 *************** function ___lwdiv *****************
 Defined at:
		line 5 in file "C:\Program Files (x86)\Microchip\xc8\v2.00\pic\sources\c90\common\lwdiv.c"
 Parameters:    Size  Location     Type
  divisor         2    3[COMMON] unsigned int 
  dividend        2    5[COMMON] unsigned int 
 Auto vars:     Size  Location     Type
  quotient        2    1[BANK0 ] unsigned int 
  counter         1    0[BANK0 ] unsigned char 
 Return value:  Size  Location     Type
                  2    3[COMMON] unsigned int 
 Registers used:
		wreg, status,2, status,0
 Tracked objects:
		On entry : 
		On exit  : 
		Unchanged: 
 Data sizes:     COMMON   BANK0   BANK1   BANK3   BANK2
      Params:         4       0       0       0       0
      Locals:         0       3       0       0       0
      Temps:          1       0       0       0       0
      Totals:         5       3       0       0       0
Total ram usage:        8 bytes
 Hardware stack levels used:    1
 Hardware stack levels required when called:    1
 This function calls:
		Nothing
 This function is called by:
		_sprintf
 This function uses a non-reentrant model


 *************** function _setCursorLCD *****************
 Defined at:
		line 8 in file "LCD.c"
 Parameters:    Size  Location     Type
  y               1    wreg     unsigned char 
  x               1    6[COMMON] unsigned char 
 Auto vars:     Size  Location     Type
  y               1    0[BANK0 ] unsigned char 
 Return value:  Size  Location     Type
                  1    wreg      void 
 Registers used:
		wreg, status,2, status,0, pclath, cstack
 Tracked objects:
		On entry : 
		On exit  : 
		Unchanged: 
 Data sizes:     COMMON   BANK0   BANK1   BANK3   BANK2
      Params:         1       0       0       0       0
      Locals:         0       1       0       0       0
      Temps:          1       0       0       0       0
      Totals:         2       1       0       0       0
Total ram usage:        3 bytes
 Hardware stack levels used:    1
 Hardware stack levels required when called:    2
 This function calls:
		_cmdLCD
 This function is called by:
		_writeFloat
		_main
 This function uses a non-reentrant model


 *************** function _setup *****************
 Defined at:
		line 124 in file "newmain.c"
 Parameters:    Size  Location     Type
		None
 Auto vars:     Size  Location     Type
		None
 Return value:  Size  Location     Type
                  1    wreg      void 
 Registers used:
		wreg, status,2
 Tracked objects:
		On entry : 
		On exit  : 
		Unchanged: 
 Data sizes:     COMMON   BANK0   BANK1   BANK3   BANK2
      Params:         0       0       0       0       0
      Locals:         0       0       0       0       0
      Temps:          0       0       0       0       0
      Totals:         0       0       0       0       0
Total ram usage:        0 bytes
 Hardware stack levels used:    1
 Hardware stack levels required when called:    1
 This function calls:
		Nothing
 This function is called by:
		_main
 This function uses a non-reentrant model


 *************** function _sendUSART *****************
 Defined at:
		line 40 in file "USART.c"
 Parameters:    Size  Location     Type
  data            1    wreg     unsigned char 
 Auto vars:     Size  Location     Type
  data            1    3[COMMON] unsigned char 
 Return value:  Size  Location     Type
                  1    wreg      void 
 Registers used:
		wreg
 Tracked objects:
		On entry : 
		On exit  : 
		Unchanged: 
 Data sizes:     COMMON   BANK0   BANK1   BANK3   BANK2
      Params:         0       0       0       0       0
      Locals:         1       0       0       0       0
      Temps:          0       0       0       0       0
      Totals:         1       0       0       0       0
Total ram usage:        1 bytes
 Hardware stack levels used:    1
 Hardware stack levels required when called:    1
 This function calls:
		Nothing
 This function is called by:
		_main
 This function uses a non-reentrant model


 *************** function _selCanal *****************
 Defined at:
		line 10 in file "ADC.c"
 Parameters:    Size  Location     Type
  channel         1    wreg     unsigned char 
 Auto vars:     Size  Location     Type
  channel         1    4[COMMON] unsigned char 
 Return value:  Size  Location     Type
                  1    wreg      void 
 Registers used:
		wreg, status,2, status,0
 Tracked objects:
		On entry : 
		On exit  : 
		Unchanged: 
 Data sizes:     COMMON   BANK0   BANK1   BANK3   BANK2
      Params:         0       0       0       0       0
      Locals:         1       0       0       0       0
      Temps:          1       0       0       0       0
      Totals:         2       0       0       0       0
Total ram usage:        2 bytes
 Hardware stack levels used:    1
 Hardware stack levels required when called:    1
 This function calls:
		Nothing
 This function is called by:
		_main
 This function uses a non-reentrant model


 *************** function _readADC *****************
 Defined at:
		line 6 in file "ADC.c"
 Parameters:    Size  Location     Type
		None
 Auto vars:     Size  Location     Type
		None
 Return value:  Size  Location     Type
                  1    wreg      unsigned char 
 Registers used:
		wreg
 Tracked objects:
		On entry : 
		On exit  : 
		Unchanged: 
 Data sizes:     COMMON   BANK0   BANK1   BANK3   BANK2
      Params:         0       0       0       0       0
      Locals:         0       0       0       0       0
      Temps:          0       0       0       0       0
      Totals:         0       0       0       0       0
Total ram usage:        0 bytes
 Hardware stack levels used:    1
 Hardware stack levels required when called:    1
 This function calls:
		Nothing
 This function is called by:
		_main
 This function uses a non-reentrant model


 *************** function _initUSART *****************
 Defined at:
		line 4 in file "USART.c"
 Parameters:    Size  Location     Type
  baudrate        2    3[COMMON] unsigned int 
  txint           1    5[COMMON] unsigned char 
  rcint           1    6[COMMON] unsigned char 
  syncrono        1    7[COMMON] unsigned char 
 Auto vars:     Size  Location     Type
		None
 Return value:  Size  Location     Type
                  1    wreg      void 
 Registers used:
		wreg, status,2, status,0
 Tracked objects:
		On entry : 
		On exit  : 
		Unchanged: 
 Data sizes:     COMMON   BANK0   BANK1   BANK3   BANK2
      Params:         5       0       0       0       0
      Locals:         0       0       0       0       0
      Temps:          0       0       0       0       0
      Totals:         5       0       0       0       0
Total ram usage:        5 bytes
 Hardware stack levels used:    1
 Hardware stack levels required when called:    1
 This function calls:
		Nothing
 This function is called by:
		_main
 This function uses a non-reentrant model


 *************** function _initLCD *****************
 Defined at:
		line 36 in file "LCD.c"
 Parameters:    Size  Location     Type
		None
 Auto vars:     Size  Location     Type
		None
 Return value:  Size  Location     Type
                  1    wreg      void 
 Registers used:
		wreg, status,2, status,0, pclath, cstack
 Tracked objects:
		On entry : 
		On exit  : 
		Unchanged: 
 Data sizes:     COMMON   BANK0   BANK1   BANK3   BANK2
      Params:         0       0       0       0       0
      Locals:         0       0       0       0       0
      Temps:          2       0       0       0       0
      Totals:         2       0       0       0       0
Total ram usage:        2 bytes
 Hardware stack levels used:    1
 Hardware stack levels required when called:    2
 This function calls:
		_cmdLCD
 This function is called by:
		_main
 This function uses a non-reentrant model


 *************** function _configCanal *****************
 Defined at:
		line 15 in file "ADC.c"
 Parameters:    Size  Location     Type
  channel         1    wreg     unsigned char 
 Auto vars:     Size  Location     Type
  channel         1    5[COMMON] unsigned char 
 Return value:  Size  Location     Type
                  1    wreg      void 
 Registers used:
		wreg, fsr0l, fsr0h, status,2, status,0
 Tracked objects:
		On entry : 
		On exit  : 
		Unchanged: 
 Data sizes:     COMMON   BANK0   BANK1   BANK3   BANK2
      Params:         0       0       0       0       0
      Locals:         1       0       0       0       0
      Temps:          2       0       0       0       0
      Totals:         3       0       0       0       0
Total ram usage:        3 bytes
 Hardware stack levels used:    1
 Hardware stack levels required when called:    1
 This function calls:
		Nothing
 This function is called by:
		_main
 This function uses a non-reentrant model


 *************** function _configADC *****************
 Defined at:
		line 133 in file "ADC.c"
 Parameters:    Size  Location     Type
  FOSC            1    wreg     unsigned char 
 Auto vars:     Size  Location     Type
  FOSC            1    5[COMMON] unsigned char 
 Return value:  Size  Location     Type
                  1    wreg      void 
 Registers used:
		wreg, fsr0l, fsr0h, status,2, status,0
 Tracked objects:
		On entry : 
		On exit  : 
		Unchanged: 
 Data sizes:     COMMON   BANK0   BANK1   BANK3   BANK2
      Params:         0       0       0       0       0
      Locals:         1       0       0       0       0
      Temps:          2       0       0       0       0
      Totals:         3       0       0       0       0
Total ram usage:        3 bytes
 Hardware stack levels used:    1
 Hardware stack levels required when called:    1
 This function calls:
		Nothing
 This function is called by:
		_main
 This function uses a non-reentrant model


 *************** function _clcLCD *****************
 Defined at:
		line 17 in file "LCD.c"
 Parameters:    Size  Location     Type
		None
 Auto vars:     Size  Location     Type
		None
 Return value:  Size  Location     Type
                  1    wreg      void 
 Registers used:
		wreg, status,2, status,0, pclath, cstack
 Tracked objects:
		On entry : 
		On exit  : 
		Unchanged: 
 Data sizes:     COMMON   BANK0   BANK1   BANK3   BANK2
      Params:         0       0       0       0       0
      Locals:         0       0       0       0       0
      Temps:          0       0       0       0       0
      Totals:         0       0       0       0       0
Total ram usage:        0 bytes
 Hardware stack levels used:    1
 Hardware stack levels required when called:    2
 This function calls:
		_cmdLCD
 This function is called by:
		_main
 This function uses a non-reentrant model


 *************** function _cmdLCD *****************
 Defined at:
		line 49 in file "LCD.c"
 Parameters:    Size  Location     Type
  cmd             1    wreg     unsigned char 
 Auto vars:     Size  Location     Type
  cmd             1    5[COMMON] unsigned char 
 Return value:  Size  Location     Type
                  1    wreg      void 
 Registers used:
		wreg
 Tracked objects:
		On entry : 
		On exit  : 
		Unchanged: 
 Data sizes:     COMMON   BANK0   BANK1   BANK3   BANK2
      Params:         0       0       0       0       0
      Locals:         1       0       0       0       0
      Temps:          2       0       0       0       0
      Totals:         3       0       0       0       0
Total ram usage:        3 bytes
 Hardware stack levels used:    1
 Hardware stack levels required when called:    1
 This function calls:
		Nothing
 This function is called by:
		_setCursorLCD
		_clcLCD
		_initLCD
 This function uses a non-reentrant model


 *************** function ___xxtofl *****************
 Defined at:
		line 10 in file "C:\Program Files (x86)\Microchip\xc8\v2.00\pic\sources\c90\common\xxtofl.c"
 Parameters:    Size  Location     Type
  sign            1    wreg     unsigned char 
  val             4    3[COMMON] long 
 Auto vars:     Size  Location     Type
  sign            1    4[BANK0 ] unsigned char 
  arg             4    6[BANK0 ] unsigned long 
  exp             1    5[BANK0 ] unsigned char 
 Return value:  Size  Location     Type
                  4    3[COMMON] unsigned char 
 Registers used:
		wreg, status,2, status,0
 Tracked objects:
		On entry : 
		On exit  : 
		Unchanged: 
 Data sizes:     COMMON   BANK0   BANK1   BANK3   BANK2
      Params:         4       0       0       0       0
      Locals:         0       6       0       0       0
      Temps:          0       4       0       0       0
      Totals:         4      10       0       0       0
Total ram usage:       14 bytes
 Hardware stack levels used:    1
 Hardware stack levels required when called:    1
 This function calls:
		Nothing
 This function is called by:
		_main
 This function uses a non-reentrant model


 *************** function ___fltol *****************
 Defined at:
		line 43 in file "C:\Program Files (x86)\Microchip\xc8\v2.00\pic\sources\c90\common\fltol.c"
 Parameters:    Size  Location     Type
  f1              4    3[COMMON] unsigned char 
 Auto vars:     Size  Location     Type
  exp1            1    6[BANK0 ] unsigned char 
  sign1           1    5[BANK0 ] unsigned char 
 Return value:  Size  Location     Type
                  4    3[COMMON] long 
 Registers used:
		wreg, status,2, status,0
 Tracked objects:
		On entry : 
		On exit  : 
		Unchanged: 
 Data sizes:     COMMON   BANK0   BANK1   BANK3   BANK2
      Params:         4       0       0       0       0
      Locals:         0       2       0       0       0
      Temps:          0       5       0       0       0
      Totals:         4       7       0       0       0
Total ram usage:       11 bytes
 Hardware stack levels used:    1
 Hardware stack levels required when called:    1
 This function calls:
		Nothing
 This function is called by:
		_main
 This function uses a non-reentrant model


 *************** function ___flneg *****************
 Defined at:
		line 15 in file "C:\Program Files (x86)\Microchip\xc8\v2.00\pic\sources\c90\common\flneg.c"
 Parameters:    Size  Location     Type
  f1              4   10[BANK0 ] long 
 Auto vars:     Size  Location     Type
		None
 Return value:  Size  Location     Type
                  4   10[BANK0 ] long 
 Registers used:
		wreg
 Tracked objects:
		On entry : 
		On exit  : 
		Unchanged: 
 Data sizes:     COMMON   BANK0   BANK1   BANK3   BANK2
      Params:         0       4       0       0       0
      Locals:         0       0       0       0       0
      Temps:          0       0       0       0       0
      Totals:         0       4       0       0       0
Total ram usage:        4 bytes
 Hardware stack levels used:    1
 Hardware stack levels required when called:    1
 This function calls:
		Nothing
 This function is called by:
		_main
 This function uses a non-reentrant model


 *************** function ___flmul *****************
 Defined at:
		line 8 in file "C:\Program Files (x86)\Microchip\xc8\v2.00\pic\sources\c90\common\sprcmul.c"
 Parameters:    Size  Location     Type
  b               4   38[BANK0 ] long 
  a               4   42[BANK0 ] long 
 Auto vars:     Size  Location     Type
  prod            4   58[BANK0 ] struct .
  grs             4   52[BANK0 ] unsigned long 
  temp            2   62[BANK0 ] struct .
  bexp            1   57[BANK0 ] unsigned char 
  aexp            1   56[BANK0 ] unsigned char 
  sign            1   51[BANK0 ] unsigned char 
 Return value:  Size  Location     Type
                  4   38[BANK0 ] unsigned char 
 Registers used:
		wreg, status,2, status,0, btemp+1, pclath, cstack
 Tracked objects:
		On entry : 
		On exit  : 
		Unchanged: 
 Data sizes:     COMMON   BANK0   BANK1   BANK3   BANK2
      Params:         0       8       0       0       0
      Locals:         0      13       0       0       0
      Temps:          0       5       0       0       0
      Totals:         0      26       0       0       0
Total ram usage:       26 bytes
 Hardware stack levels used:    1
 Hardware stack levels required when called:    2
 This function calls:
		__Umul8_16
 This function is called by:
		_main
 This function uses a non-reentrant model


 *************** function __Umul8_16 *****************
 Defined at:
		line 4 in file "C:\Program Files (x86)\Microchip\xc8\v2.00\pic\sources\c90\common\Umul8_16.c"
 Parameters:    Size  Location     Type
  multiplier      1    wreg     unsigned char 
  multiplicand    1    3[COMMON] unsigned char 
 Auto vars:     Size  Location     Type
  multiplier      1    4[BANK0 ] unsigned char 
  word_mpld       2    2[BANK0 ] unsigned int 
  product         2    0[BANK0 ] unsigned int 
 Return value:  Size  Location     Type
                  2    3[COMMON] unsigned int 
 Registers used:
		wreg, status,2, status,0
 Tracked objects:
		On entry : 
		On exit  : 
		Unchanged: 
 Data sizes:     COMMON   BANK0   BANK1   BANK3   BANK2
      Params:         2       0       0       0       0
      Locals:         0       5       0       0       0
      Temps:          2       0       0       0       0
      Totals:         4       5       0       0       0
Total ram usage:        9 bytes
 Hardware stack levels used:    1
 Hardware stack levels required when called:    1
 This function calls:
		Nothing
 This function is called by:
		___flmul
 This function uses a non-reentrant model


 *************** function ___fldiv *****************
 Defined at:
		line 8 in file "C:\Program Files (x86)\Microchip\xc8\v2.00\pic\sources\c90\common\sprcdiv.c"
 Parameters:    Size  Location     Type
  a               4   64[BANK0 ] unsigned int 
  b               4   68[BANK0 ] unsigned int 
 Auto vars:     Size  Location     Type
  grs             4    7[BANK1 ] unsigned long 
  rem             4    0[BANK1 ] unsigned long 
  new_exp         2    5[BANK1 ] int 
  aexp            1   12[BANK1 ] unsigned char 
  bexp            1   11[BANK1 ] unsigned char 
  sign            1    4[BANK1 ] unsigned char 
 Return value:  Size  Location     Type
                  4   64[BANK0 ] unsigned char 
 Registers used:
		wreg, status,2, status,0, btemp+1
 Tracked objects:
		On entry : 
		On exit  : 
		Unchanged: 
 Data sizes:     COMMON   BANK0   BANK1   BANK3   BANK2
      Params:         0       8       0       0       0
      Locals:         0       0      13       0       0
      Temps:          0       5       0       0       0
      Totals:         0      13      13       0       0
Total ram usage:       26 bytes
 Hardware stack levels used:    1
 Hardware stack levels required when called:    1
 This function calls:
		Nothing
 This function is called by:
		_main
 This function uses a non-reentrant model


 *************** function ___fladd *****************
 Defined at:
		line 10 in file "C:\Program Files (x86)\Microchip\xc8\v2.00\pic\sources\c90\common\sprcadd.c"
 Parameters:    Size  Location     Type
  b               4   14[BANK0 ] unsigned char 
  a               4   18[BANK0 ] unsigned char 
 Auto vars:     Size  Location     Type
  grs             1   37[BANK0 ] unsigned char 
  bexp            1   36[BANK0 ] unsigned char 
  aexp            1   35[BANK0 ] unsigned char 
  signs           1   34[BANK0 ] unsigned char 
 Return value:  Size  Location     Type
                  4   14[BANK0 ] unsigned char 
 Registers used:
		wreg, status,2, status,0, btemp+1
 Tracked objects:
		On entry : 
		On exit  : 
		Unchanged: 
 Data sizes:     COMMON   BANK0   BANK1   BANK3   BANK2
      Params:         0       8       0       0       0
      Locals:         0       4       0       0       0
      Temps:          0      12       0       0       0
      Totals:         0      24       0       0       0
Total ram usage:       24 bytes
 Hardware stack levels used:    1
 Hardware stack levels required when called:    1
 This function calls:
		Nothing
 This function is called by:
		_main
 This function uses a non-reentrant model


 *************** function _ISR *****************
 Defined at:
		line 39 in file "newmain.c"
 Parameters:    Size  Location     Type
		None
 Auto vars:     Size  Location     Type
		None
 Return value:  Size  Location     Type
                  1    wreg      void 
 Registers used:
		wreg
 Tracked objects:
		On entry : 
		On exit  : 
		Unchanged: 
 Data sizes:     COMMON   BANK0   BANK1   BANK3   BANK2
      Params:         0       0       0       0       0
      Locals:         0       0       0       0       0
      Temps:          3       0       0       0       0
      Totals:         3       0       0       0       0
Total ram usage:        3 bytes
 Hardware stack levels used:    1
 This function calls:
		Nothing
 This function is called by:
		Interrupt level 1
 This function uses a non-reentrant model



MODULE INFORMATION

Module		Function		Class		Link	Load	Size
USART.c
		_sendUSART     		CODE           	155F	0000	15
		_initUSART     		CODE           	1787	0000	122

USART.c estimated size: 137

C:\Program Files (x86)\Microchip\xc8\v2.00\pic\sources\c90\common\lwmod.c
		___lwmod       		CODE           	164F	0000	68

C:\Program Files (x86)\Microchip\xc8\v2.00\pic\sources\c90\common\lwmod.c estimated size: 68

C:\Program Files (x86)\Microchip\xc8\v2.00\pic\sources\c90\common\doprnt.c
		_sprintf       		CODE           	06C3	0000	259

C:\Program Files (x86)\Microchip\xc8\v2.00\pic\sources\c90\common\doprnt.c estimated size: 259

C:\Program Files (x86)\Microchip\xc8\v2.00\pic\sources\c90\common\sprcmul.c
		___flmul       		CODE           	0024	0000	886

C:\Program Files (x86)\Microchip\xc8\v2.00\pic\sources\c90\common\sprcmul.c estimated size: 886

C:\Program Files (x86)\Microchip\xc8\v2.00\pic\sources\c90\common\sprcdiv.c
		___fldiv       		CODE           	0D32	0000	719

C:\Program Files (x86)\Microchip\xc8\v2.00\pic\sources\c90\common\sprcdiv.c estimated size: 719

newmain.c
		_ISR           		CODE           	15CD	0000	32
		_main          		CODE           	0399	0000	811
		_setup         		CODE           	158B	0000	17

newmain.c estimated size: 860

C:\Program Files (x86)\Microchip\xc8\v2.00\pic\sources\c90\common\lwdiv.c
		___lwdiv       		CODE           	16DA	0000	78

C:\Program Files (x86)\Microchip\xc8\v2.00\pic\sources\c90\common\lwdiv.c estimated size: 78

C:\Program Files (x86)\Microchip\xc8\v2.00\pic\sources\c90\common\fltol.c
		___fltol       		CODE           	0828	0000	157

C:\Program Files (x86)\Microchip\xc8\v2.00\pic\sources\c90\common\fltol.c estimated size: 157

C:\Program Files (x86)\Microchip\xc8\v2.00\pic\sources\c90\common\sprcadd.c
		___fladd       		CODE           	0A76	0000	701

C:\Program Files (x86)\Microchip\xc8\v2.00\pic\sources\c90\common\sprcadd.c estimated size: 701

shared
		__stringtab    		STRING         	1000	0000	17
		_dpowers       		STRING         	1010	0000	11
		__initialization		CODE           	000F	0000	18

shared estimated size: 46

C:\Program Files (x86)\Microchip\xc8\v2.00\pic\sources\c90\common\xxtofl.c
		___xxtofl      		CODE           	08C4	0000	197

C:\Program Files (x86)\Microchip\xc8\v2.00\pic\sources\c90\common\xxtofl.c estimated size: 197

ADC.c
		_selCanal      		CODE           	1551	0000	15
		_configADC     		CODE           	1618	0000	56
		_configCanal   		CODE           	0988	0000	239
		_readADC       		CODE           	1545	0000	6

ADC.c estimated size: 316

C:\Program Files (x86)\Microchip\xc8\v2.00\pic\sources\c90\common\Umul8_16.c
		__Umul8_16     		CODE           	15EC	0000	45

C:\Program Files (x86)\Microchip\xc8\v2.00\pic\sources\c90\common\Umul8_16.c estimated size: 45

C:\Program Files (x86)\Microchip\xc8\v2.00\pic\sources\c90\common\flneg.c
		___flneg       		CODE           	156D	0000	16

C:\Program Files (x86)\Microchip\xc8\v2.00\pic\sources\c90\common\flneg.c estimated size: 16

LCD.c
		_writeStrLCD   		CODE           	1692	0000	73
		_writeFloat    		CODE           	1727	0000	97
		_clcLCD        		CODE           	154A	0000	8
		_cmdLCD        		CODE           	159B	0000	21
		_writeCharLCD  		CODE           	157C	0000	16
		_writeIntLCD   		CODE           	15AF	0000	31
		_setCursorLCD  		CODE           	0809	0000	32
		_initLCD       		CODE           	07C5	0000	59

LCD.c estimated size: 337

